data/aggregated/monthly/breakfast/31254742725_13859_transactions.csv
"UNITS","PRICE","BASE_PRICE","FEATURE","DISPLAY","TPR_ONLY","MONTH","YEAR","DATE"
4,4.59,4.59,0,0,0,1,2009,"1-1-2009"
18,4.59,4.59,0,0,0,2,2009,"1-2-2009"
14,4.59,4.59,0,0,0,3,2009,"1-3-2009"
7,4.59,4.59,0,0,0,4,2009,"1-4-2009"
3,4.59,4.59,0,0,0,5,2009,"1-5-2009"
9,4.59,4.59,0,0,0,6,2009,"1-6-2009"
46,3.95,4.59,2,0,0,7,2009,"1-7-2009"
7,3.52333333333333,4.59,0,0,2,8,2009,"1-8-2009"
3,4.59,4.59,0,0,0,9,2009,"1-9-2009"
1,4.59,4.59,0,0,0,10,2009,"1-10-2009"
11,3.34666666666667,4.59,1,0,2,11,2009,"1-11-2009"
12,4.03,4.59,0,0,2,12,2009,"1-12-2009"
8,4.59,4.59,0,0,0,1,2010,"1-1-2010"
3,4.59,4.59,0,0,0,2,2010,"1-2-2010"
27,2.99,4.59,2,0,1,3,2010,"1-3-2010"
3,3.79,4.59,0,0,1,4,2010,"1-4-2010"
8,4.59,4.59,0,0,0,5,2010,"1-5-2010"
10,4.59,4.59,0,0,0,6,2010,"1-6-2010"
24,3.795,4.59,1,0,1,7,2010,"1-7-2010"
7,3.79666666666667,4.59,0,1,1,8,2010,"1-8-2010"
9,4.59,4.59,0,0,0,9,2010,"1-9-2010"
5,4.59,4.59,0,0,0,10,2010,"1-10-2010"
22,3.4325,4.59,0,2,1,11,2010,"1-11-2010"
8,4.06,4.59,0,0,1,12,2010,"1-12-2010"
6,4.59,4.59,0,0,0,1,2011,"1-1-2011"
17,3.84,4.59,0,2,2,2,2011,"1-2-2011"
7,4.59,4.59,0,0,0,3,2011,"1-3-2011"
9,4.3175,4.59,0,0,1,4,2011,"1-4-2011"
11,3.68,4.59,0,2,1,5,2011,"1-5-2011"
11,4.59,4.59,0,0,0,6,2011,"1-6-2011"
14,3.6975,4.59,0,2,0,7,2011,"1-7-2011"
17,3.92,4.64,0,1,1,8,2011,"1-8-2011"
10,4.35,4.35,0,0,0,9,2011,"1-9-2011"
5,4.69,4.69,0,0,0,10,2011,"1-10-2011"
8,4.69,4.69,0,0,0,11,2011,"1-11-2011"
5,4.69,4.69,0,0,0,12,2011,"1-12-2011"
3,4.69,4.69,0,0,0,1,2012,"1-1-2012"
